<?xml version="1.0" encoding="utf-8"?>
<TestRun id="6753b3d8-abde-4d96-b529-9cc8c78b5112" name="O11CE@YOVA 2025-10-23 14:09:05" runUser="YOVA\O11CE" xmlns="http://microsoft.com/schemas/VisualStudio/TeamTest/2010">
  <Times creation="2025-10-23T14:09:05.2632282-04:00" queuing="2025-10-23T14:09:05.2632288-04:00" start="2025-10-23T14:08:55.6419363-04:00" finish="2025-10-23T14:09:05.2823654-04:00" />
  <TestSettings name="default" id="108d3a56-5d95-4471-8d71-85c05e463576">
    <Deployment runDeploymentRoot="O11CE_YOVA_2025-10-23_14_09_05" />
  </TestSettings>
  <Results>
    <UnitTestResult executionId="a8214d97-9250-42d0-a2b0-329ed58ce0d8" testId="572d37f0-6ab5-2123-367a-189426c96134" testName="UiUxTests.SettingsViewModelTests.ChangeTabCommand_UpdatesSelectedSection" computerName="YOVA" duration="00:00:02.3709359" startTime="2025-10-23T14:09:05.0287610-04:00" endTime="2025-10-23T14:09:05.0288100-04:00" testType="13cdc9d9-ddb5-4fa4-a97d-d965ccfc6d4b" outcome="Passed" testListId="8c84fa94-04c1-424b-9868-57a2d4851a1d" relativeResultsDirectory="a8214d97-9250-42d0-a2b0-329ed58ce0d8" />
  </Results>
  <TestDefinitions>
    <UnitTest name="UiUxTests.SettingsViewModelTests.ChangeTabCommand_UpdatesSelectedSection" storage="c:\users\o11ce\onedrive\desktop\percy library\tests\uiuxtests\bin\debug\net8.0-windows7.0\uiuxtests.dll" id="572d37f0-6ab5-2123-367a-189426c96134">
      <Execution id="a8214d97-9250-42d0-a2b0-329ed58ce0d8" />
      <TestMethod codeBase="c:\Users\O11CE\OneDrive\Desktop\Percy Library\tests\UiUxTests\bin\Debug\net8.0-windows7.0\UiUxTests.dll" adapterTypeName="executor://xunit/VsTestRunner2/netcoreapp" className="UiUxTests.SettingsViewModelTests" name="ChangeTabCommand_UpdatesSelectedSection" />
    </UnitTest>
  </TestDefinitions>
  <TestEntries>
    <TestEntry testId="572d37f0-6ab5-2123-367a-189426c96134" executionId="a8214d97-9250-42d0-a2b0-329ed58ce0d8" testListId="8c84fa94-04c1-424b-9868-57a2d4851a1d" />
  </TestEntries>
  <TestLists>
    <TestList name="Resultados sin formato de lista" id="8c84fa94-04c1-424b-9868-57a2d4851a1d" />
    <TestList name="Todos los resultados cargados" id="19431567-8539-422a-85d7-44ee4e166bda" />
  </TestLists>
  <ResultSummary outcome="Completed">
    <Counters total="1" executed="1" passed="1" failed="0" error="0" timeout="0" aborted="0" inconclusive="0" passedButRunAborted="0" notRunnable="0" notExecuted="0" disconnected="0" warning="0" completed="0" inProgress="0" pending="0" />
    <Output>
      <StdOut>[xUnit.net 00:00:00.00] xUnit.net VSTest Adapter v2.5.3.1+6b60a9e56a (64-bit .NET 8.0.20)&#xD;
[xUnit.net 00:00:02.94]   Discovering: UiUxTests&#xD;
[xUnit.net 00:00:03.11]   Discovered:  UiUxTests&#xD;
[xUnit.net 00:00:03.12]   Starting:    UiUxTests&#xD;
[xUnit.net 00:00:05.70]   Finished:    UiUxTests&#xD;
</StdOut>
    </Output>
  </ResultSummary>
</TestRun>